// Vitest Snapshot v1, https://vitest.dev/guide/snapshot.html

exports[`Button > 鼠标移入 1`] = `"<div id=\\"hello\\" class=\\"hello-class\\">hello Lylaa ui</div>"`;
